0	JPEGImages/000032.jpg	SegmentationClass/000032_index.png
0	JPEGImages/000033.jpg	SegmentationClass/000033_index.png
0	JPEGImages/000042.jpg	SegmentationClass/000042_index.png
0	JPEGImages/000061.jpg	SegmentationClass/000061_index.png
0	JPEGImages/000129.jpg	SegmentationClass/000129_index.png
0	JPEGImages/000187.jpg	SegmentationClass/000187_index.png
0	JPEGImages/000250.jpg	SegmentationClass/000250_index.png
0	JPEGImages/000256.jpg	SegmentationClass/000256_index.png
0	JPEGImages/000528.jpg	SegmentationClass/000528_index.png
0	JPEGImages/000549.jpg	SegmentationClass/000549_index.png
0	JPEGImages/000559.jpg	SegmentationClass/000559_index.png
0	JPEGImages/000648.jpg	SegmentationClass/000648_index.png
0	JPEGImages/000733.jpg	SegmentationClass/000733_index.png
0	JPEGImages/000768.jpg	SegmentationClass/000768_index.png
0	JPEGImages/000793.jpg	SegmentationClass/000793_index.png
0	JPEGImages/000804.jpg	SegmentationClass/000804_index.png
0	JPEGImages/000822.jpg	SegmentationClass/000822_index.png
0	JPEGImages/000830.jpg	SegmentationClass/000830_index.png
0	JPEGImages/000904.jpg	SegmentationClass/000904_index.png
0	JPEGImages/000999.jpg	SegmentationClass/000999_index.png
0	JPEGImages/001073.jpg	SegmentationClass/001073_index.png
0	JPEGImages/001239.jpg	SegmentationClass/001239_index.png
0	JPEGImages/001299.jpg	SegmentationClass/001299_index.png
0	JPEGImages/001408.jpg	SegmentationClass/001408_index.png
0	JPEGImages/001420.jpg	SegmentationClass/001420_index.png
0	JPEGImages/001457.jpg	SegmentationClass/001457_index.png
0	JPEGImages/001526.jpg	SegmentationClass/001526_index.png
0	JPEGImages/001586.jpg	SegmentationClass/001586_index.png
0	JPEGImages/001594.jpg	SegmentationClass/001594_index.png
0	JPEGImages/001630.jpg	SegmentationClass/001630_index.png
0	JPEGImages/001717.jpg	SegmentationClass/001717_index.png
0	JPEGImages/001733.jpg	SegmentationClass/001733_index.png
0	JPEGImages/001761.jpg	SegmentationClass/001761_index.png
0	JPEGImages/001825.jpg	SegmentationClass/001825_index.png
0	JPEGImages/001834.jpg	SegmentationClass/001834_index.png
0	JPEGImages/001960.jpg	SegmentationClass/001960_index.png
0	JPEGImages/002055.jpg	SegmentationClass/002055_index.png
0	JPEGImages/002120.jpg	SegmentationClass/002120_index.png
0	JPEGImages/002132.jpg	SegmentationClass/002132_index.png
0	JPEGImages/002212.jpg	SegmentationClass/002212_index.png
0	JPEGImages/002234.jpg	SegmentationClass/002234_index.png
0	JPEGImages/002260.jpg	SegmentationClass/002260_index.png
0	JPEGImages/002284.jpg	SegmentationClass/002284_index.png
0	JPEGImages/002293.jpg	SegmentationClass/002293_index.png
0	JPEGImages/002368.jpg	SegmentationClass/002368_index.png
0	JPEGImages/002403.jpg	SegmentationClass/002403_index.png
0	JPEGImages/002445.jpg	SegmentationClass/002445_index.png
0	JPEGImages/002539.jpg	SegmentationClass/002539_index.png
0	JPEGImages/002545.jpg	SegmentationClass/002545_index.png
0	JPEGImages/002611.jpg	SegmentationClass/002611_index.png
0	JPEGImages/002648.jpg	SegmentationClass/002648_index.png
0	JPEGImages/002669.jpg	SegmentationClass/002669_index.png
0	JPEGImages/002845.jpg	SegmentationClass/002845_index.png
0	JPEGImages/002914.jpg	SegmentationClass/002914_index.png
0	JPEGImages/002953.jpg	SegmentationClass/002953_index.png
0	JPEGImages/003011.jpg	SegmentationClass/003011_index.png
0	JPEGImages/003051.jpg	SegmentationClass/003051_index.png
0	JPEGImages/003088.jpg	SegmentationClass/003088_index.png
0	JPEGImages/003106.jpg	SegmentationClass/003106_index.png
0	JPEGImages/003110.jpg	SegmentationClass/003110_index.png
0	JPEGImages/003134.jpg	SegmentationClass/003134_index.png
0	JPEGImages/003169.jpg	SegmentationClass/003169_index.png
0	JPEGImages/003188.jpg	SegmentationClass/003188_index.png
0	JPEGImages/003205.jpg	SegmentationClass/003205_index.png
0	JPEGImages/003330.jpg	SegmentationClass/003330_index.png
0	JPEGImages/003349.jpg	SegmentationClass/003349_index.png
0	JPEGImages/003367.jpg	SegmentationClass/003367_index.png
0	JPEGImages/003373.jpg	SegmentationClass/003373_index.png
0	JPEGImages/003499.jpg	SegmentationClass/003499_index.png
0	JPEGImages/003506.jpg	SegmentationClass/003506_index.png
0	JPEGImages/003525.jpg	SegmentationClass/003525_index.png
0	JPEGImages/003529.jpg	SegmentationClass/003529_index.png
0	JPEGImages/003565.jpg	SegmentationClass/003565_index.png
0	JPEGImages/003604.jpg	SegmentationClass/003604_index.png
0	JPEGImages/003621.jpg	SegmentationClass/003621_index.png
0	JPEGImages/003714.jpg	SegmentationClass/003714_index.png
0	JPEGImages/003786.jpg	SegmentationClass/003786_index.png
0	JPEGImages/003788.jpg	SegmentationClass/003788_index.png
0	JPEGImages/003861.jpg	SegmentationClass/003861_index.png
0	JPEGImages/003889.jpg	SegmentationClass/003889_index.png
0	JPEGImages/003991.jpg	SegmentationClass/003991_index.png
0	JPEGImages/004009.jpg	SegmentationClass/004009_index.png
0	JPEGImages/004033.jpg	SegmentationClass/004033_index.png
0	JPEGImages/004052.jpg	SegmentationClass/004052_index.png
0	JPEGImages/004121.jpg	SegmentationClass/004121_index.png
0	JPEGImages/004189.jpg	SegmentationClass/004189_index.png
0	JPEGImages/004190.jpg	SegmentationClass/004190_index.png
0	JPEGImages/004241.jpg	SegmentationClass/004241_index.png
0	JPEGImages/004281.jpg	SegmentationClass/004281_index.png
0	JPEGImages/004291.jpg	SegmentationClass/004291_index.png
0	JPEGImages/004392.jpg	SegmentationClass/004392_index.png
0	JPEGImages/004481.jpg	SegmentationClass/004481_index.png
0	JPEGImages/004500.jpg	SegmentationClass/004500_index.png
0	JPEGImages/004510.jpg	SegmentationClass/004510_index.png
0	JPEGImages/004537.jpg	SegmentationClass/004537_index.png
0	JPEGImages/004627.jpg	SegmentationClass/004627_index.png
0	JPEGImages/004644.jpg	SegmentationClass/004644_index.png
0	JPEGImages/004705.jpg	SegmentationClass/004705_index.png
0	JPEGImages/004830.jpg	SegmentationClass/004830_index.png
0	JPEGImages/004841.jpg	SegmentationClass/004841_index.png
0	JPEGImages/004902.jpg	SegmentationClass/004902_index.png
0	JPEGImages/004951.jpg	SegmentationClass/004951_index.png
0	JPEGImages/005058.jpg	SegmentationClass/005058_index.png
0	JPEGImages/005086.jpg	SegmentationClass/005086_index.png
0	JPEGImages/005107.jpg	SegmentationClass/005107_index.png
0	JPEGImages/005114.jpg	SegmentationClass/005114_index.png
0	JPEGImages/005124.jpg	SegmentationClass/005124_index.png
0	JPEGImages/005130.jpg	SegmentationClass/005130_index.png
0	JPEGImages/005173.jpg	SegmentationClass/005173_index.png
0	JPEGImages/005262.jpg	SegmentationClass/005262_index.png
0	JPEGImages/005273.jpg	SegmentationClass/005273_index.png
0	JPEGImages/005304.jpg	SegmentationClass/005304_index.png
0	JPEGImages/005358.jpg	SegmentationClass/005358_index.png
0	JPEGImages/005360.jpg	SegmentationClass/005360_index.png
0	JPEGImages/005368.jpg	SegmentationClass/005368_index.png
0	JPEGImages/005509.jpg	SegmentationClass/005509_index.png
0	JPEGImages/005547.jpg	SegmentationClass/005547_index.png
0	JPEGImages/005600.jpg	SegmentationClass/005600_index.png
0	JPEGImages/005705.jpg	SegmentationClass/005705_index.png
0	JPEGImages/005803.jpg	SegmentationClass/005803_index.png
0	JPEGImages/005813.jpg	SegmentationClass/005813_index.png
0	JPEGImages/005859.jpg	SegmentationClass/005859_index.png
0	JPEGImages/005911.jpg	SegmentationClass/005911_index.png
0	JPEGImages/005951.jpg	SegmentationClass/005951_index.png
0	JPEGImages/006004.jpg	SegmentationClass/006004_index.png
0	JPEGImages/006066.jpg	SegmentationClass/006066_index.png
0	JPEGImages/006134.jpg	SegmentationClass/006134_index.png
0	JPEGImages/006171.jpg	SegmentationClass/006171_index.png
0	JPEGImages/006400.jpg	SegmentationClass/006400_index.png
0	JPEGImages/006483.jpg	SegmentationClass/006483_index.png
0	JPEGImages/006549.jpg	SegmentationClass/006549_index.png
0	JPEGImages/006560.jpg	SegmentationClass/006560_index.png
0	JPEGImages/006605.jpg	SegmentationClass/006605_index.png
0	JPEGImages/006660.jpg	SegmentationClass/006660_index.png
0	JPEGImages/006698.jpg	SegmentationClass/006698_index.png
0	JPEGImages/006704.jpg	SegmentationClass/006704_index.png
0	JPEGImages/006864.jpg	SegmentationClass/006864_index.png
0	JPEGImages/006866.jpg	SegmentationClass/006866_index.png
0	JPEGImages/006899.jpg	SegmentationClass/006899_index.png
0	JPEGImages/006900.jpg	SegmentationClass/006900_index.png
0	JPEGImages/007003.jpg	SegmentationClass/007003_index.png
0	JPEGImages/007007.jpg	SegmentationClass/007007_index.png
0	JPEGImages/007130.jpg	SegmentationClass/007130_index.png
0	JPEGImages/007154.jpg	SegmentationClass/007154_index.png
0	JPEGImages/007168.jpg	SegmentationClass/007168_index.png
0	JPEGImages/007250.jpg	SegmentationClass/007250_index.png
0	JPEGImages/007398.jpg	SegmentationClass/007398_index.png
0	JPEGImages/007417.jpg	SegmentationClass/007417_index.png
0	JPEGImages/007477.jpg	SegmentationClass/007477_index.png
0	JPEGImages/007481.jpg	SegmentationClass/007481_index.png
0	JPEGImages/007493.jpg	SegmentationClass/007493_index.png
0	JPEGImages/007524.jpg	SegmentationClass/007524_index.png
0	JPEGImages/007530.jpg	SegmentationClass/007530_index.png
0	JPEGImages/007621.jpg	SegmentationClass/007621_index.png
0	JPEGImages/007748.jpg	SegmentationClass/007748_index.png
0	JPEGImages/007795.jpg	SegmentationClass/007795_index.png
0	JPEGImages/007810.jpg	SegmentationClass/007810_index.png
0	JPEGImages/007836.jpg	SegmentationClass/007836_index.png
0	JPEGImages/007878.jpg	SegmentationClass/007878_index.png
0	JPEGImages/007908.jpg	SegmentationClass/007908_index.png
0	JPEGImages/007996.jpg	SegmentationClass/007996_index.png
0	JPEGImages/008043.jpg	SegmentationClass/008043_index.png
0	JPEGImages/008051.jpg	SegmentationClass/008051_index.png
0	JPEGImages/008072.jpg	SegmentationClass/008072_index.png
0	JPEGImages/008084.jpg	SegmentationClass/008084_index.png
0	JPEGImages/008106.jpg	SegmentationClass/008106_index.png
0	JPEGImages/008142.jpg	SegmentationClass/008142_index.png
0	JPEGImages/008203.jpg	SegmentationClass/008203_index.png
0	JPEGImages/008204.jpg	SegmentationClass/008204_index.png
0	JPEGImages/008218.jpg	SegmentationClass/008218_index.png
0	JPEGImages/008260.jpg	SegmentationClass/008260_index.png
0	JPEGImages/008374.jpg	SegmentationClass/008374_index.png
0	JPEGImages/008403.jpg	SegmentationClass/008403_index.png
0	JPEGImages/008468.jpg	SegmentationClass/008468_index.png
0	JPEGImages/008596.jpg	SegmentationClass/008596_index.png
0	JPEGImages/008645.jpg	SegmentationClass/008645_index.png
0	JPEGImages/008670.jpg	SegmentationClass/008670_index.png
0	JPEGImages/008764.jpg	SegmentationClass/008764_index.png
0	JPEGImages/008815.jpg	SegmentationClass/008815_index.png
0	JPEGImages/008932.jpg	SegmentationClass/008932_index.png
0	JPEGImages/008944.jpg	SegmentationClass/008944_index.png
0	JPEGImages/008948.jpg	SegmentationClass/008948_index.png
0	JPEGImages/008973.jpg	SegmentationClass/008973_index.png
0	JPEGImages/008980.jpg	SegmentationClass/008980_index.png
0	JPEGImages/009068.jpg	SegmentationClass/009068_index.png
0	JPEGImages/009209.jpg	SegmentationClass/009209_index.png
0	JPEGImages/009245.jpg	SegmentationClass/009245_index.png
0	JPEGImages/009251.jpg	SegmentationClass/009251_index.png
0	JPEGImages/009252.jpg	SegmentationClass/009252_index.png
0	JPEGImages/009295.jpg	SegmentationClass/009295_index.png
0	JPEGImages/009327.jpg	SegmentationClass/009327_index.png
0	JPEGImages/009392.jpg	SegmentationClass/009392_index.png
0	JPEGImages/009413.jpg	SegmentationClass/009413_index.png
0	JPEGImages/009419.jpg	SegmentationClass/009419_index.png
0	JPEGImages/009422.jpg	SegmentationClass/009422_index.png
0	JPEGImages/009446.jpg	SegmentationClass/009446_index.png
0	JPEGImages/009458.jpg	SegmentationClass/009458_index.png
0	JPEGImages/009562.jpg	SegmentationClass/009562_index.png
0	JPEGImages/009605.jpg	SegmentationClass/009605_index.png
0	JPEGImages/009618.jpg	SegmentationClass/009618_index.png
0	JPEGImages/009654.jpg	SegmentationClass/009654_index.png
0	JPEGImages/009684.jpg	SegmentationClass/009684_index.png
0	JPEGImages/009691.jpg	SegmentationClass/009691_index.png
0	JPEGImages/009709.jpg	SegmentationClass/009709_index.png
0	JPEGImages/009756.jpg	SegmentationClass/009756_index.png
0	JPEGImages/009807.jpg	SegmentationClass/009807_index.png
0	JPEGImages/009832.jpg	SegmentationClass/009832_index.png
0	JPEGImages/009911.jpg	SegmentationClass/009911_index.png
0	JPEGImages/009938.jpg	SegmentationClass/009938_index.png
