0	JPEGImages/000039.jpg	SegmentationClass/000039_index.png
0	JPEGImages/000063.jpg	SegmentationClass/000063_index.png
0	JPEGImages/000121.jpg	SegmentationClass/000121_index.png
0	JPEGImages/000123.jpg	SegmentationClass/000123_index.png
0	JPEGImages/000170.jpg	SegmentationClass/000170_index.png
0	JPEGImages/000241.jpg	SegmentationClass/000241_index.png
0	JPEGImages/000323.jpg	SegmentationClass/000323_index.png
0	JPEGImages/000332.jpg	SegmentationClass/000332_index.png
0	JPEGImages/000363.jpg	SegmentationClass/000363_index.png
0	JPEGImages/000464.jpg	SegmentationClass/000464_index.png
0	JPEGImages/000480.jpg	SegmentationClass/000480_index.png
0	JPEGImages/000491.jpg	SegmentationClass/000491_index.png
0	JPEGImages/000515.jpg	SegmentationClass/000515_index.png
0	JPEGImages/000645.jpg	SegmentationClass/000645_index.png
0	JPEGImages/000661.jpg	SegmentationClass/000661_index.png
0	JPEGImages/000663.jpg	SegmentationClass/000663_index.png
0	JPEGImages/000676.jpg	SegmentationClass/000676_index.png
0	JPEGImages/000713.jpg	SegmentationClass/000713_index.png
0	JPEGImages/000720.jpg	SegmentationClass/000720_index.png
0	JPEGImages/000738.jpg	SegmentationClass/000738_index.png
